
cat /Users/kerl/pub_http_internet/miller-releases/miller-head/go/output-reg-test/abixy.temp1
a=pan,b=pan,i=1,x=0.3467901443380824,y=0.7268028627434533
a=eks,b=pan,i=2,x=0.7586799647899636,y=0.5221511083334797
a=wye,b=wye,i=3,x=0.20460330576630303,y=0.33831852551664776
a=eks,b=wye,i=4,x=0.38139939387114097,y=0.13418874328430463
a=wye,b=pan,i=5,x=0.5732889198020006,y=0.8636244699032729
a=zee,b=pan,i=6,x=0.5271261600918548,y=0.49322128674835697
a=eks,b=zee,i=7,x=0.6117840605678454,y=0.1878849191181694
a=zee,b=wye,i=8,x=0.5985540091064224,y=0.976181385699006
a=hat,b=wye,i=9,x=0.03144187646093577,y=0.7495507603507059
a=pan,b=wye,i=10,x=0.5026260055412137,y=0.9526183602969864

cat /Users/kerl/pub_http_internet/miller-releases/miller-head/go/output-reg-test/abixy.temp2
a=pan,b=pan,i=1,x=0.3467901443380824,y=0.7268028627434533
a=eks,b=pan,i=2,x=0.7586799647899636,y=0.5221511083334797
a=wye,b=wye,i=3,x=0.20460330576630303,y=0.33831852551664776
a=eks,b=wye,i=4,x=0.38139939387114097,y=0.13418874328430463
a=wye,b=pan,i=5,x=0.5732889198020006,y=0.8636244699032729
a=zee,b=pan,i=6,x=0.5271261600918548,y=0.49322128674835697
a=eks,b=zee,i=7,x=0.6117840605678454,y=0.1878849191181694
a=zee,b=wye,i=8,x=0.5985540091064224,y=0.976181385699006
a=hat,b=wye,i=9,x=0.03144187646093577,y=0.7495507603507059
a=pan,b=wye,i=10,x=0.5026260055412137,y=0.9526183602969864

mlr -I --opprint head -n 2 /Users/kerl/pub_http_internet/miller-releases/miller-head/go/output-reg-test/abixy.temp1 /Users/kerl/pub_http_internet/miller-releases/miller-head/go/output-reg-test/abixy.temp2

cat /Users/kerl/pub_http_internet/miller-releases/miller-head/go/output-reg-test/abixy.temp1
a   b   i x                  y
pan pan 1 0.3467901443380824 0.7268028627434533
eks pan 2 0.7586799647899636 0.5221511083334797

cat /Users/kerl/pub_http_internet/miller-releases/miller-head/go/output-reg-test/abixy.temp2
a   b   i x                  y
pan pan 1 0.3467901443380824 0.7268028627434533
eks pan 2 0.7586799647899636 0.5221511083334797

mlr -I --opprint head -n 2

mlr -I --opprint -n head -n 2 /Users/kerl/pub_http_internet/miller-releases/miller-head/go/output-reg-test/abixy.temp1

cat /Users/kerl/pub_http_internet/miller-releases/miller-head/go/output-reg-test/abixy.temp1
a=pan,b=pan,i=1,x=0.3467901443380824,y=0.7268028627434533
a=eks,b=pan,i=2,x=0.7586799647899636,y=0.5221511083334797
a=wye,b=wye,i=3,x=0.20460330576630303,y=0.33831852551664776
a=eks,b=wye,i=4,x=0.38139939387114097,y=0.13418874328430463
a=wye,b=pan,i=5,x=0.5732889198020006,y=0.8636244699032729
a=zee,b=pan,i=6,x=0.5271261600918548,y=0.49322128674835697
a=eks,b=zee,i=7,x=0.6117840605678454,y=0.1878849191181694
a=zee,b=wye,i=8,x=0.5985540091064224,y=0.976181385699006
a=hat,b=wye,i=9,x=0.03144187646093577,y=0.7495507603507059
a=pan,b=wye,i=10,x=0.5026260055412137,y=0.9526183602969864

cat /Users/kerl/pub_http_internet/miller-releases/miller-head/go/output-reg-test/abixy.temp2
a=pan,b=pan,i=1,x=0.3467901443380824,y=0.7268028627434533
a=eks,b=pan,i=2,x=0.7586799647899636,y=0.5221511083334797
a=wye,b=wye,i=3,x=0.20460330576630303,y=0.33831852551664776
a=eks,b=wye,i=4,x=0.38139939387114097,y=0.13418874328430463
a=wye,b=pan,i=5,x=0.5732889198020006,y=0.8636244699032729
a=zee,b=pan,i=6,x=0.5271261600918548,y=0.49322128674835697
a=eks,b=zee,i=7,x=0.6117840605678454,y=0.1878849191181694
a=zee,b=wye,i=8,x=0.5985540091064224,y=0.976181385699006
a=hat,b=wye,i=9,x=0.03144187646093577,y=0.7495507603507059
a=pan,b=wye,i=10,x=0.5026260055412137,y=0.9526183602969864

mlr -I --opprint rename a,AYE,b,BEE /Users/kerl/pub_http_internet/miller-releases/miller-head/go/output-reg-test/abixy.temp1 /Users/kerl/pub_http_internet/miller-releases/miller-head/go/output-reg-test/abixy.temp2

cat /Users/kerl/pub_http_internet/miller-releases/miller-head/go/output-reg-test/abixy.temp1
AYE BEE i  x                   y
pan pan 1  0.3467901443380824  0.7268028627434533
eks pan 2  0.7586799647899636  0.5221511083334797
wye wye 3  0.20460330576630303 0.33831852551664776
eks wye 4  0.38139939387114097 0.13418874328430463
wye pan 5  0.5732889198020006  0.8636244699032729
zee pan 6  0.5271261600918548  0.49322128674835697
eks zee 7  0.6117840605678454  0.1878849191181694
zee wye 8  0.5985540091064224  0.976181385699006
hat wye 9  0.03144187646093577 0.7495507603507059
pan wye 10 0.5026260055412137  0.9526183602969864

cat /Users/kerl/pub_http_internet/miller-releases/miller-head/go/output-reg-test/abixy.temp2
AYE BEE i  x                   y
pan pan 1  0.3467901443380824  0.7268028627434533
eks pan 2  0.7586799647899636  0.5221511083334797
wye wye 3  0.20460330576630303 0.33831852551664776
eks wye 4  0.38139939387114097 0.13418874328430463
wye pan 5  0.5732889198020006  0.8636244699032729
zee pan 6  0.5271261600918548  0.49322128674835697
eks zee 7  0.6117840605678454  0.1878849191181694
zee wye 8  0.5985540091064224  0.976181385699006
hat wye 9  0.03144187646093577 0.7495507603507059
pan wye 10 0.5026260055412137  0.9526183602969864

